Archive member included to satisfy reference by file (symbol)

d:/program files (x86)/atmel/studio/7.0/toolchain/avr8/avr8-gnu-toolchain/bin/../lib/gcc/avr/5.4.0/avr51\libgcc.a(_divmodsi4.o)
                              rs232.o (__divmodsi4)
d:/program files (x86)/atmel/studio/7.0/toolchain/avr8/avr8-gnu-toolchain/bin/../lib/gcc/avr/5.4.0/avr51\libgcc.a(_negsi2.o)
                              d:/program files (x86)/atmel/studio/7.0/toolchain/avr8/avr8-gnu-toolchain/bin/../lib/gcc/avr/5.4.0/avr51\libgcc.a(_divmodsi4.o) (__negsi2)
d:/program files (x86)/atmel/studio/7.0/toolchain/avr8/avr8-gnu-toolchain/bin/../lib/gcc/avr/5.4.0/avr51\libgcc.a(_exit.o)
                              D:/Program Files (x86)/Atmel/Studio/7.0/Packs/atmel/ATmega_DFP/1.2.150/gcc/dev/atmega1284/avr51/crtatmega1284.o (exit)
d:/program files (x86)/atmel/studio/7.0/toolchain/avr8/avr8-gnu-toolchain/bin/../lib/gcc/avr/5.4.0/avr51\libgcc.a(_tablejump2.o)
                              main.o (__tablejump2__)
d:/program files (x86)/atmel/studio/7.0/toolchain/avr8/avr8-gnu-toolchain/bin/../lib/gcc/avr/5.4.0/avr51\libgcc.a(_copy_data.o)
                              cio.o (__do_copy_data)
d:/program files (x86)/atmel/studio/7.0/toolchain/avr8/avr8-gnu-toolchain/bin/../lib/gcc/avr/5.4.0/avr51\libgcc.a(_clear_bss.o)
                              cioopen.o (__do_clear_bss)
d:/program files (x86)/atmel/studio/7.0/toolchain/avr8/avr8-gnu-toolchain/bin/../lib/gcc/avr/5.4.0/avr51\libgcc.a(_udivmodsi4.o)
                              d:/program files (x86)/atmel/studio/7.0/toolchain/avr8/avr8-gnu-toolchain/bin/../lib/gcc/avr/5.4.0/avr51\libgcc.a(_divmodsi4.o) (__udivmodsi4)
d:/program files (x86)/atmel/studio/7.0/toolchain/avr8/avr8-gnu-toolchain/bin/../lib/gcc/avr/5.4.0/../../../../avr/lib/avr51\libc.a(atoi.o)
                              cioopen.o (atoi)
d:/program files (x86)/atmel/studio/7.0/toolchain/avr8/avr8-gnu-toolchain/bin/../lib/gcc/avr/5.4.0/../../../../avr/lib/avr51\libc.a(strcpy.o)
                              createsemaphore.o (strcpy)
d:/program files (x86)/atmel/studio/7.0/toolchain/avr8/avr8-gnu-toolchain/bin/../lib/gcc/avr/5.4.0/../../../../avr/lib/avr51\libc.a(strcspn.o)
                              cioopen.o (strcspn)
d:/program files (x86)/atmel/studio/7.0/toolchain/avr8/avr8-gnu-toolchain/bin/../lib/gcc/avr/5.4.0/../../../../avr/lib/avr51\libc.a(strncmp.o)
                              cioopen.o (strncmp)
d:/program files (x86)/atmel/studio/7.0/toolchain/avr8/avr8-gnu-toolchain/bin/../lib/gcc/avr/5.4.0/../../../../avr/lib/avr51\libc.a(strncpy.o)
                              cioopen.o (strncpy)
d:/program files (x86)/atmel/studio/7.0/toolchain/avr8/avr8-gnu-toolchain/bin/../lib/gcc/avr/5.4.0/../../../../avr/lib/avr51\libc.a(itoa_ncheck.o)
                              timedelay.o (__itoa_ncheck)
d:/program files (x86)/atmel/studio/7.0/toolchain/avr8/avr8-gnu-toolchain/bin/../lib/gcc/avr/5.4.0/../../../../avr/lib/avr51\libc.a(mul10.o)
                              d:/program files (x86)/atmel/studio/7.0/toolchain/avr8/avr8-gnu-toolchain/bin/../lib/gcc/avr/5.4.0/../../../../avr/lib/avr51\libc.a(atoi.o) (__mulhi_const_10)
d:/program files (x86)/atmel/studio/7.0/toolchain/avr8/avr8-gnu-toolchain/bin/../lib/gcc/avr/5.4.0/../../../../avr/lib/avr51\libc.a(utoa_ncheck.o)
                              d:/program files (x86)/atmel/studio/7.0/toolchain/avr8/avr8-gnu-toolchain/bin/../lib/gcc/avr/5.4.0/../../../../avr/lib/avr51\libc.a(itoa_ncheck.o) (__utoa_common)
d:/program files (x86)/atmel/studio/7.0/toolchain/avr8/avr8-gnu-toolchain/bin/../lib/gcc/avr/5.4.0/../../../../avr/lib/avr51\libc.a(strrev.o)
                              d:/program files (x86)/atmel/studio/7.0/toolchain/avr8/avr8-gnu-toolchain/bin/../lib/gcc/avr/5.4.0/../../../../avr/lib/avr51\libc.a(utoa_ncheck.o) (strrev)

Allocating common symbols
Common symbol       size              file

TMergTask           0x18              main.o
pMidi1              0x2               main.o
TStamp              0x2               timerticker.o
ActiveTasks         0xa               createtask.o
TMidiCh1Task        0x18              main.o
TIdleTask           0x18              main.o
__brkval            0x2               malloc.o
PoolList            0x2               cioopen.o
Blocking            0x2               ExitInterrupt.o
NextTask            0x2               createtask.o
pMidi2              0x2               main.o
TMidiCh2Task        0x18              main.o
htabs               0x50              cioopen.o
OsRunning           0x2               createtask.o
MallocBlocker       0x20              malloc.o
pMergeMQ            0x2               main.o
CurrentTask         0x2               createtask.o
__flp               0x2               malloc.o
IOCBBlocker         0x2               cioopen.o
InterruptCount      0x2               ExitInterrupt.o
IdleCount           0x2               main.o
TimeoutList         0x2               createsemaphore.o

Discarded input sections

 .data          0x00000000        0x0 D:/Program Files (x86)/Atmel/Studio/7.0/Packs/atmel/ATmega_DFP/1.2.150/gcc/dev/atmega1284/avr51/crtatmega1284.o
 .bss           0x00000000        0x0 D:/Program Files (x86)/Atmel/Studio/7.0/Packs/atmel/ATmega_DFP/1.2.150/gcc/dev/atmega1284/avr51/crtatmega1284.o
 .text          0x00000000        0x0 ByteQueue.o
 .data          0x00000000        0x0 ByteQueue.o
 .bss           0x00000000        0x0 ByteQueue.o
 .text          0x00000000        0x0 cio.o
 .data          0x00000000        0x0 cio.o
 .bss           0x00000000        0x0 cio.o
 .text          0x00000000        0x0 cioopen.o
 .data          0x00000000        0x0 cioopen.o
 .bss           0x00000000        0x0 cioopen.o
 .text.CioClose
                0x00000000       0x34 cioopen.o
 .text          0x00000000        0x0 cioread.o
 .data          0x00000000        0x0 cioread.o
 .bss           0x00000000        0x0 cioread.o
 .text.CioRead  0x00000000       0x36 cioread.o
 .text          0x00000000        0x0 ciostatus.o
 .data          0x00000000        0x0 ciostatus.o
 .bss           0x00000000        0x0 ciostatus.o
 .text.CioStatus
                0x00000000       0x22 ciostatus.o
 .debug_info    0x00000000      0x2d4 ciostatus.o
 .debug_abbrev  0x00000000      0x113 ciostatus.o
 .debug_loc     0x00000000       0x4c ciostatus.o
 .debug_aranges
                0x00000000       0x20 ciostatus.o
 .debug_ranges  0x00000000       0x10 ciostatus.o
 .debug_line    0x00000000       0x53 ciostatus.o
 .debug_str     0x00000000      0x1fa ciostatus.o
 .comment       0x00000000       0x31 ciostatus.o
 .debug_frame   0x00000000       0x24 ciostatus.o
 .text          0x00000000        0x0 ciowrite.o
 .data          0x00000000        0x0 ciowrite.o
 .bss           0x00000000        0x0 ciowrite.o
 .text.CioWrite
                0x00000000       0x32 ciowrite.o
 .text          0x00000000        0x0 cioxio.o
 .data          0x00000000        0x0 cioxio.o
 .bss           0x00000000        0x0 cioxio.o
 .text          0x00000000        0x0 createsemaphore.o
 .data          0x00000000        0x0 createsemaphore.o
 .bss           0x00000000        0x0 createsemaphore.o
 .text.DeleteSemaphore
                0x00000000       0xb0 createsemaphore.o
 .text          0x00000000        0x0 createtask.o
 .data          0x00000000        0x0 createtask.o
 .bss           0x00000000        0x0 createtask.o
 .text          0x00000000        0x0 DoSwap.o
 .data          0x00000000        0x0 DoSwap.o
 .bss           0x00000000        0x0 DoSwap.o
 .text          0x00000000        0x0 ExitInterrupt.o
 .data          0x00000000        0x0 ExitInterrupt.o
 .bss           0x00000000        0x0 ExitInterrupt.o
 .text          0x00000000        0x0 main.o
 .data          0x00000000        0x0 main.o
 .bss           0x00000000        0x0 main.o
 .text          0x00000000        0x0 malloc.o
 .data          0x00000000        0x0 malloc.o
 .bss           0x00000000        0x0 malloc.o
 .text.FreeMallocSpace
                0x00000000       0x5e malloc.o
 .text          0x00000000        0x0 MeasureStackUsage.o
 .data          0x00000000        0x0 MeasureStackUsage.o
 .bss           0x00000000        0x0 MeasureStackUsage.o
 .text.MeasureStackUsage
                0x00000000       0x2a MeasureStackUsage.o
 .debug_info    0x00000000       0xa1 MeasureStackUsage.o
 .debug_abbrev  0x00000000       0x6d MeasureStackUsage.o
 .debug_loc     0x00000000       0x90 MeasureStackUsage.o
 .debug_aranges
                0x00000000       0x20 MeasureStackUsage.o
 .debug_ranges  0x00000000       0x10 MeasureStackUsage.o
 .debug_line    0x00000000       0x6a MeasureStackUsage.o
 .debug_str     0x00000000      0x13e MeasureStackUsage.o
 .comment       0x00000000       0x31 MeasureStackUsage.o
 .debug_frame   0x00000000       0x24 MeasureStackUsage.o
 .text          0x00000000        0x0 MessageQueue.o
 .data          0x00000000        0x0 MessageQueue.o
 .bss           0x00000000        0x0 MessageQueue.o
 .text          0x00000000        0x0 OSinit.o
 .data          0x00000000        0x0 OSinit.o
 .bss           0x00000000        0x0 OSinit.o
 .text          0x00000000        0x0 pendsemaphore.o
 .data          0x00000000        0x0 pendsemaphore.o
 .bss           0x00000000        0x0 pendsemaphore.o
 .text          0x00000000        0x0 postsemaphore.o
 .data          0x00000000        0x0 postsemaphore.o
 .bss           0x00000000        0x0 postsemaphore.o
 .text.PostSemaphoreWithData
                0x00000000       0x9c postsemaphore.o
 .text          0x00000000        0x0 pq.o
 .data          0x00000000        0x0 pq.o
 .bss           0x00000000        0x0 pq.o
 .text.swap     0x00000000       0x1a pq.o
 .text.Get      0x00000000       0x10 pq.o
 .text.NumElem  0x00000000        0x8 pq.o
 .text.GetI     0x00000000       0x16 pq.o
 .text          0x00000000        0x0 rs232.o
 .data          0x00000000        0x0 rs232.o
 .bss           0x00000000        0x0 rs232.o
 .text          0x00000000        0x0 StartOS.o
 .data          0x00000000        0x0 StartOS.o
 .bss           0x00000000        0x0 StartOS.o
 .data          0x00000000        0x0 swap.o
 .bss           0x00000000        0x0 swap.o
 .text          0x00000000        0x0 timedelay.o
 .data          0x00000000        0x0 timedelay.o
 .bss           0x00000000        0x0 timedelay.o
 .text.TimeDelay
                0x00000000       0x7c timedelay.o
 .bss.DCount.2230
                0x00000000        0x2 timedelay.o
 .debug_info    0x00000000      0x3c0 timedelay.o
 .debug_abbrev  0x00000000      0x1af timedelay.o
 .debug_loc     0x00000000      0x15d timedelay.o
 .debug_aranges
                0x00000000       0x20 timedelay.o
 .debug_ranges  0x00000000       0x10 timedelay.o
 .debug_line    0x00000000       0xe6 timedelay.o
 .debug_str     0x00000000      0x279 timedelay.o
 .comment       0x00000000       0x31 timedelay.o
 .debug_frame   0x00000000       0x44 timedelay.o
 .text          0x00000000        0x0 timerticker.o
 .data          0x00000000        0x0 timerticker.o
 .bss           0x00000000        0x0 timerticker.o
 .text          0x00000000        0x0 yield.o
 .data          0x00000000        0x0 yield.o
 .bss           0x00000000        0x0 yield.o
 .text          0x00000000        0x0 d:/program files (x86)/atmel/studio/7.0/toolchain/avr8/avr8-gnu-toolchain/bin/../lib/gcc/avr/5.4.0/avr51\libgcc.a(_divmodsi4.o)
 .data          0x00000000        0x0 d:/program files (x86)/atmel/studio/7.0/toolchain/avr8/avr8-gnu-toolchain/bin/../lib/gcc/avr/5.4.0/avr51\libgcc.a(_divmodsi4.o)
 .bss           0x00000000        0x0 d:/program files (x86)/atmel/studio/7.0/toolchain/avr8/avr8-gnu-toolchain/bin/../lib/gcc/avr/5.4.0/avr51\libgcc.a(_divmodsi4.o)
 .text.libgcc.mul
                0x00000000        0x0 d:/program files (x86)/atmel/studio/7.0/toolchain/avr8/avr8-gnu-toolchain/bin/../lib/gcc/avr/5.4.0/avr51\libgcc.a(_divmodsi4.o)
 .text.libgcc   0x00000000        0x0 d:/program files (x86)/atmel/studio/7.0/toolchain/avr8/avr8-gnu-toolchain/bin/../lib/gcc/avr/5.4.0/avr51\libgcc.a(_divmodsi4.o)
 .text.libgcc.prologue
                0x00000000        0x0 d:/program files (x86)/atmel/studio/7.0/toolchain/avr8/avr8-gnu-toolchain/bin/../lib/gcc/avr/5.4.0/avr51\libgcc.a(_divmodsi4.o)
 .text.libgcc.builtins
                0x00000000        0x0 d:/program files (x86)/atmel/studio/7.0/toolchain/avr8/avr8-gnu-toolchain/bin/../lib/gcc/avr/5.4.0/avr51\libgcc.a(_divmodsi4.o)
 .text.libgcc.fmul
                0x00000000        0x0 d:/program files (x86)/atmel/studio/7.0/toolchain/avr8/avr8-gnu-toolchain/bin/../lib/gcc/avr/5.4.0/avr51\libgcc.a(_divmodsi4.o)
 .text.libgcc.fixed
                0x00000000        0x0 d:/program files (x86)/atmel/studio/7.0/toolchain/avr8/avr8-gnu-toolchain/bin/../lib/gcc/avr/5.4.0/avr51\libgcc.a(_divmodsi4.o)
 .text          0x00000000        0x0 d:/program files (x86)/atmel/studio/7.0/toolchain/avr8/avr8-gnu-toolchain/bin/../lib/gcc/avr/5.4.0/avr51\libgcc.a(_negsi2.o)
 .data          0x00000000        0x0 d:/program files (x86)/atmel/studio/7.0/toolchain/avr8/avr8-gnu-toolchain/bin/../lib/gcc/avr/5.4.0/avr51\libgcc.a(_negsi2.o)
 .bss           0x00000000        0x0 d:/program files (x86)/atmel/studio/7.0/toolchain/avr8/avr8-gnu-toolchain/bin/../lib/gcc/avr/5.4.0/avr51\libgcc.a(_negsi2.o)
 .text.libgcc.mul
                0x00000000        0x0 d:/program files (x86)/atmel/studio/7.0/toolchain/avr8/avr8-gnu-toolchain/bin/../lib/gcc/avr/5.4.0/avr51\libgcc.a(_negsi2.o)
 .text.libgcc   0x00000000        0x0 d:/program files (x86)/atmel/studio/7.0/toolchain/avr8/avr8-gnu-toolchain/bin/../lib/gcc/avr/5.4.0/avr51\libgcc.a(_negsi2.o)
 .text.libgcc.prologue
                0x00000000        0x0 d:/program files (x86)/atmel/studio/7.0/toolchain/avr8/avr8-gnu-toolchain/bin/../lib/gcc/avr/5.4.0/avr51\libgcc.a(_negsi2.o)
 .text.libgcc.builtins
                0x00000000        0x0 d:/program files (x86)/atmel/studio/7.0/toolchain/avr8/avr8-gnu-toolchain/bin/../lib/gcc/avr/5.4.0/avr51\libgcc.a(_negsi2.o)
 .text.libgcc.fmul
                0x00000000        0x0 d:/program files (x86)/atmel/studio/7.0/toolchain/avr8/avr8-gnu-toolchain/bin/../lib/gcc/avr/5.4.0/avr51\libgcc.a(_negsi2.o)
 .text.libgcc.fixed
                0x00000000        0x0 d:/program files (x86)/atmel/studio/7.0/toolchain/avr8/avr8-gnu-toolchain/bin/../lib/gcc/avr/5.4.0/avr51\libgcc.a(_negsi2.o)
 .text          0x00000000        0x0 d:/program files (x86)/atmel/studio/7.0/toolchain/avr8/avr8-gnu-toolchain/bin/../lib/gcc/avr/5.4.0/avr51\libgcc.a(_exit.o)
 .data          0x00000000        0x0 d:/program files (x86)/atmel/studio/7.0/toolchain/avr8/avr8-gnu-toolchain/bin/../lib/gcc/avr/5.4.0/avr51\libgcc.a(_exit.o)
 .bss           0x00000000        0x0 d:/program files (x86)/atmel/studio/7.0/toolchain/avr8/avr8-gnu-toolchain/bin/../lib/gcc/avr/5.4.0/avr51\libgcc.a(_exit.o)
 .text.libgcc.mul
                0x00000000        0x0 d:/program files (x86)/atmel/studio/7.0/toolchain/avr8/avr8-gnu-toolchain/bin/../lib/gcc/avr/5.4.0/avr51\libgcc.a(_exit.o)
 .text.libgcc.div
                0x00000000        0x0 d:/program files (x86)/atmel/studio/7.0/toolchain/avr8/avr8-gnu-toolchain/bin/../lib/gcc/avr/5.4.0/avr51\libgcc.a(_exit.o)
 .text.libgcc   0x00000000        0x0 d:/program files (x86)/atmel/studio/7.0/toolchain/avr8/avr8-gnu-toolchain/bin/../lib/gcc/avr/5.4.0/avr51\libgcc.a(_exit.o)
 .text.libgcc.prologue
                0x00000000        0x0 d:/program files (x86)/atmel/studio/7.0/toolchain/avr8/avr8-gnu-toolchain/bin/../lib/gcc/avr/5.4.0/avr51\libgcc.a(_exit.o)
 .text.libgcc.builtins
                0x00000000        0x0 d:/program files (x86)/atmel/studio/7.0/toolchain/avr8/avr8-gnu-toolchain/bin/../lib/gcc/avr/5.4.0/avr51\libgcc.a(_exit.o)
 .text.libgcc.fmul
                0x00000000        0x0 d:/program files (x86)/atmel/studio/7.0/toolchain/avr8/avr8-gnu-toolchain/bin/../lib/gcc/avr/5.4.0/avr51\libgcc.a(_exit.o)
 .text.libgcc.fixed
                0x00000000        0x0 d:/program files (x86)/atmel/studio/7.0/toolchain/avr8/avr8-gnu-toolchain/bin/../lib/gcc/avr/5.4.0/avr51\libgcc.a(_exit.o)
 .text          0x00000000        0x0 d:/program files (x86)/atmel/studio/7.0/toolchain/avr8/avr8-gnu-toolchain/bin/../lib/gcc/avr/5.4.0/avr51\libgcc.a(_tablejump2.o)
 .data          0x00000000        0x0 d:/program files (x86)/atmel/studio/7.0/toolchain/avr8/avr8-gnu-toolchain/bin/../lib/gcc/avr/5.4.0/avr51\libgcc.a(_tablejump2.o)
 .bss           0x00000000        0x0 d:/program files (x86)/atmel/studio/7.0/toolchain/avr8/avr8-gnu-toolchain/bin/../lib/gcc/avr/5.4.0/avr51\libgcc.a(_tablejump2.o)
 .text.libgcc.mul
                0x00000000        0x0 d:/program files (x86)/atmel/studio/7.0/toolchain/avr8/avr8-gnu-toolchain/bin/../lib/gcc/avr/5.4.0/avr51\libgcc.a(_tablejump2.o)
 .text.libgcc.div
                0x00000000        0x0 d:/program files (x86)/atmel/studio/7.0/toolchain/avr8/avr8-gnu-toolchain/bin/../lib/gcc/avr/5.4.0/avr51\libgcc.a(_tablejump2.o)
 .text.libgcc.prologue
                0x00000000        0x0 d:/program files (x86)/atmel/studio/7.0/toolchain/avr8/avr8-gnu-toolchain/bin/../lib/gcc/avr/5.4.0/avr51\libgcc.a(_tablejump2.o)
 .text.libgcc.builtins
                0x00000000        0x0 d:/program files (x86)/atmel/studio/7.0/toolchain/avr8/avr8-gnu-toolchain/bin/../lib/gcc/avr/5.4.0/avr51\libgcc.a(_tablejump2.o)
 .text.libgcc.fmul
                0x00000000        0x0 d:/program files (x86)/atmel/studio/7.0/toolchain/avr8/avr8-gnu-toolchain/bin/../lib/gcc/avr/5.4.0/avr51\libgcc.a(_tablejump2.o)
 .text.libgcc.fixed
                0x00000000        0x0 d:/program files (x86)/atmel/studio/7.0/toolchain/avr8/avr8-gnu-toolchain/bin/../lib/gcc/avr/5.4.0/avr51\libgcc.a(_tablejump2.o)
 .text          0x00000000        0x0 d:/program files (x86)/atmel/studio/7.0/toolchain/avr8/avr8-gnu-toolchain/bin/../lib/gcc/avr/5.4.0/avr51\libgcc.a(_copy_data.o)
 .data          0x00000000        0x0 d:/program files (x86)/atmel/studio/7.0/toolchain/avr8/avr8-gnu-toolchain/bin/../lib/gcc/avr/5.4.0/avr51\libgcc.a(_copy_data.o)
 .bss           0x00000000        0x0 d:/program files (x86)/atmel/studio/7.0/toolchain/avr8/avr8-gnu-toolchain/bin/../lib/gcc/avr/5.4.0/avr51\libgcc.a(_copy_data.o)
 .text.libgcc.mul
                0x00000000        0x0 d:/program files (x86)/atmel/studio/7.0/toolchain/avr8/avr8-gnu-toolchain/bin/../lib/gcc/avr/5.4.0/avr51\libgcc.a(_copy_data.o)
 .text.libgcc.div
                0x00000000        0x0 d:/program files (x86)/atmel/studio/7.0/toolchain/avr8/avr8-gnu-toolchain/bin/../lib/gcc/avr/5.4.0/avr51\libgcc.a(_copy_data.o)
 .text.libgcc   0x00000000        0x0 d:/program files (x86)/atmel/studio/7.0/toolchain/avr8/avr8-gnu-toolchain/bin/../lib/gcc/avr/5.4.0/avr51\libgcc.a(_copy_data.o)
 .text.libgcc.prologue
                0x00000000        0x0 d:/program files (x86)/atmel/studio/7.0/toolchain/avr8/avr8-gnu-toolchain/bin/../lib/gcc/avr/5.4.0/avr51\libgcc.a(_copy_data.o)
 .text.libgcc.builtins
                0x00000000        0x0 d:/program files (x86)/atmel/studio/7.0/toolchain/avr8/avr8-gnu-toolchain/bin/../lib/gcc/avr/5.4.0/avr51\libgcc.a(_copy_data.o)
 .text.libgcc.fmul
                0x00000000        0x0 d:/program files (x86)/atmel/studio/7.0/toolchain/avr8/avr8-gnu-toolchain/bin/../lib/gcc/avr/5.4.0/avr51\libgcc.a(_copy_data.o)
 .text.libgcc.fixed
                0x00000000        0x0 d:/program files (x86)/atmel/studio/7.0/toolchain/avr8/avr8-gnu-toolchain/bin/../lib/gcc/avr/5.4.0/avr51\libgcc.a(_copy_data.o)
 .text          0x00000000        0x0 d:/program files (x86)/atmel/studio/7.0/toolchain/avr8/avr8-gnu-toolchain/bin/../lib/gcc/avr/5.4.0/avr51\libgcc.a(_clear_bss.o)
 .data          0x00000000        0x0 d:/program files (x86)/atmel/studio/7.0/toolchain/avr8/avr8-gnu-toolchain/bin/../lib/gcc/avr/5.4.0/avr51\libgcc.a(_clear_bss.o)
 .bss           0x00000000        0x0 d:/program files (x86)/atmel/studio/7.0/toolchain/avr8/avr8-gnu-toolchain/bin/../lib/gcc/avr/5.4.0/avr51\libgcc.a(_clear_bss.o)
 .text.libgcc.mul
                0x00000000        0x0 d:/program files (x86)/atmel/studio/7.0/toolchain/avr8/avr8-gnu-toolchain/bin/../lib/gcc/avr/5.4.0/avr51\libgcc.a(_clear_bss.o)
 .text.libgcc.div
                0x00000000        0x0 d:/program files (x86)/atmel/studio/7.0/toolchain/avr8/avr8-gnu-toolchain/bin/../lib/gcc/avr/5.4.0/avr51\libgcc.a(_clear_bss.o)
 .text.libgcc   0x00000000        0x0 d:/program files (x86)/atmel/studio/7.0/toolchain/avr8/avr8-gnu-toolchain/bin/../lib/gcc/avr/5.4.0/avr51\libgcc.a(_clear_bss.o)
 .text.libgcc.prologue
                0x00000000        0x0 d:/program files (x86)/atmel/studio/7.0/toolchain/avr8/avr8-gnu-toolchain/bin/../lib/gcc/avr/5.4.0/avr51\libgcc.a(_clear_bss.o)
 .text.libgcc.builtins
                0x00000000        0x0 d:/program files (x86)/atmel/studio/7.0/toolchain/avr8/avr8-gnu-toolchain/bin/../lib/gcc/avr/5.4.0/avr51\libgcc.a(_clear_bss.o)
 .text.libgcc.fmul
                0x00000000        0x0 d:/program files (x86)/atmel/studio/7.0/toolchain/avr8/avr8-gnu-toolchain/bin/../lib/gcc/avr/5.4.0/avr51\libgcc.a(_clear_bss.o)
 .text.libgcc.fixed
                0x00000000        0x0 d:/program files (x86)/atmel/studio/7.0/toolchain/avr8/avr8-gnu-toolchain/bin/../lib/gcc/avr/5.4.0/avr51\libgcc.a(_clear_bss.o)
 .text          0x00000000        0x0 d:/program files (x86)/atmel/studio/7.0/toolchain/avr8/avr8-gnu-toolchain/bin/../lib/gcc/avr/5.4.0/avr51\libgcc.a(_udivmodsi4.o)
 .data          0x00000000        0x0 d:/program files (x86)/atmel/studio/7.0/toolchain/avr8/avr8-gnu-toolchain/bin/../lib/gcc/avr/5.4.0/avr51\libgcc.a(_udivmodsi4.o)
 .bss           0x00000000        0x0 d:/program files (x86)/atmel/studio/7.0/toolchain/avr8/avr8-gnu-toolchain/bin/../lib/gcc/avr/5.4.0/avr51\libgcc.a(_udivmodsi4.o)
 .text.libgcc.mul
                0x00000000        0x0 d:/program files (x86)/atmel/studio/7.0/toolchain/avr8/avr8-gnu-toolchain/bin/../lib/gcc/avr/5.4.0/avr51\libgcc.a(_udivmodsi4.o)
 .text.libgcc   0x00000000        0x0 d:/program files (x86)/atmel/studio/7.0/toolchain/avr8/avr8-gnu-toolchain/bin/../lib/gcc/avr/5.4.0/avr51\libgcc.a(_udivmodsi4.o)
 .text.libgcc.prologue
                0x00000000        0x0 d:/program files (x86)/atmel/studio/7.0/toolchain/avr8/avr8-gnu-toolchain/bin/../lib/gcc/avr/5.4.0/avr51\libgcc.a(_udivmodsi4.o)
 .text.libgcc.builtins
                0x00000000        0x0 d:/program files (x86)/atmel/studio/7.0/toolchain/avr8/avr8-gnu-toolchain/bin/../lib/gcc/avr/5.4.0/avr51\libgcc.a(_udivmodsi4.o)
 .text.libgcc.fmul
                0x00000000        0x0 d:/program files (x86)/atmel/studio/7.0/toolchain/avr8/avr8-gnu-toolchain/bin/../lib/gcc/avr/5.4.0/avr51\libgcc.a(_udivmodsi4.o)
 .text.libgcc.fixed
                0x00000000        0x0 d:/program files (x86)/atmel/studio/7.0/toolchain/avr8/avr8-gnu-toolchain/bin/../lib/gcc/avr/5.4.0/avr51\libgcc.a(_udivmodsi4.o)
 .text          0x00000000        0x0 d:/program files (x86)/atmel/studio/7.0/toolchain/avr8/avr8-gnu-toolchain/bin/../lib/gcc/avr/5.4.0/../../../../avr/lib/avr51\libc.a(atoi.o)
 .data          0x00000000        0x0 d:/program files (x86)/atmel/studio/7.0/toolchain/avr8/avr8-gnu-toolchain/bin/../lib/gcc/avr/5.4.0/../../../../avr/lib/avr51\libc.a(atoi.o)
 .bss           0x00000000        0x0 d:/program files (x86)/atmel/studio/7.0/toolchain/avr8/avr8-gnu-toolchain/bin/../lib/gcc/avr/5.4.0/../../../../avr/lib/avr51\libc.a(atoi.o)
 .text          0x00000000        0x0 d:/program files (x86)/atmel/studio/7.0/toolchain/avr8/avr8-gnu-toolchain/bin/../lib/gcc/avr/5.4.0/../../../../avr/lib/avr51\libc.a(strcpy.o)
 .data          0x00000000        0x0 d:/program files (x86)/atmel/studio/7.0/toolchain/avr8/avr8-gnu-toolchain/bin/../lib/gcc/avr/5.4.0/../../../../avr/lib/avr51\libc.a(strcpy.o)
 .bss           0x00000000        0x0 d:/program files (x86)/atmel/studio/7.0/toolchain/avr8/avr8-gnu-toolchain/bin/../lib/gcc/avr/5.4.0/../../../../avr/lib/avr51\libc.a(strcpy.o)
 .text          0x00000000        0x0 d:/program files (x86)/atmel/studio/7.0/toolchain/avr8/avr8-gnu-toolchain/bin/../lib/gcc/avr/5.4.0/../../../../avr/lib/avr51\libc.a(strcspn.o)
 .data          0x00000000        0x0 d:/program files (x86)/atmel/studio/7.0/toolchain/avr8/avr8-gnu-toolchain/bin/../lib/gcc/avr/5.4.0/../../../../avr/lib/avr51\libc.a(strcspn.o)
 .bss           0x00000000        0x0 d:/program files (x86)/atmel/studio/7.0/toolchain/avr8/avr8-gnu-toolchain/bin/../lib/gcc/avr/5.4.0/../../../../avr/lib/avr51\libc.a(strcspn.o)
 .text          0x00000000        0x0 d:/program files (x86)/atmel/studio/7.0/toolchain/avr8/avr8-gnu-toolchain/bin/../lib/gcc/avr/5.4.0/../../../../avr/lib/avr51\libc.a(strncmp.o)
 .data          0x00000000        0x0 d:/program files (x86)/atmel/studio/7.0/toolchain/avr8/avr8-gnu-toolchain/bin/../lib/gcc/avr/5.4.0/../../../../avr/lib/avr51\libc.a(strncmp.o)
 .bss           0x00000000        0x0 d:/program files (x86)/atmel/studio/7.0/toolchain/avr8/avr8-gnu-toolchain/bin/../lib/gcc/avr/5.4.0/../../../../avr/lib/avr51\libc.a(strncmp.o)
 .text          0x00000000        0x0 d:/program files (x86)/atmel/studio/7.0/toolchain/avr8/avr8-gnu-toolchain/bin/../lib/gcc/avr/5.4.0/../../../../avr/lib/avr51\libc.a(strncpy.o)
 .data          0x00000000        0x0 d:/program files (x86)/atmel/studio/7.0/toolchain/avr8/avr8-gnu-toolchain/bin/../lib/gcc/avr/5.4.0/../../../../avr/lib/avr51\libc.a(strncpy.o)
 .bss           0x00000000        0x0 d:/program files (x86)/atmel/studio/7.0/toolchain/avr8/avr8-gnu-toolchain/bin/../lib/gcc/avr/5.4.0/../../../../avr/lib/avr51\libc.a(strncpy.o)
 .text          0x00000000        0x0 d:/program files (x86)/atmel/studio/7.0/toolchain/avr8/avr8-gnu-toolchain/bin/../lib/gcc/avr/5.4.0/../../../../avr/lib/avr51\libc.a(itoa_ncheck.o)
 .data          0x00000000        0x0 d:/program files (x86)/atmel/studio/7.0/toolchain/avr8/avr8-gnu-toolchain/bin/../lib/gcc/avr/5.4.0/../../../../avr/lib/avr51\libc.a(itoa_ncheck.o)
 .bss           0x00000000        0x0 d:/program files (x86)/atmel/studio/7.0/toolchain/avr8/avr8-gnu-toolchain/bin/../lib/gcc/avr/5.4.0/../../../../avr/lib/avr51\libc.a(itoa_ncheck.o)
 .text.avr-libc
                0x00000000       0x16 d:/program files (x86)/atmel/studio/7.0/toolchain/avr8/avr8-gnu-toolchain/bin/../lib/gcc/avr/5.4.0/../../../../avr/lib/avr51\libc.a(itoa_ncheck.o)
 .text          0x00000000        0x0 d:/program files (x86)/atmel/studio/7.0/toolchain/avr8/avr8-gnu-toolchain/bin/../lib/gcc/avr/5.4.0/../../../../avr/lib/avr51\libc.a(mul10.o)
 .data          0x00000000        0x0 d:/program files (x86)/atmel/studio/7.0/toolchain/avr8/avr8-gnu-toolchain/bin/../lib/gcc/avr/5.4.0/../../../../avr/lib/avr51\libc.a(mul10.o)
 .bss           0x00000000        0x0 d:/program files (x86)/atmel/studio/7.0/toolchain/avr8/avr8-gnu-toolchain/bin/../lib/gcc/avr/5.4.0/../../../../avr/lib/avr51\libc.a(mul10.o)
 .text          0x00000000        0x0 d:/program files (x86)/atmel/studio/7.0/toolchain/avr8/avr8-gnu-toolchain/bin/../lib/gcc/avr/5.4.0/../../../../avr/lib/avr51\libc.a(utoa_ncheck.o)
 .data          0x00000000        0x0 d:/program files (x86)/atmel/studio/7.0/toolchain/avr8/avr8-gnu-toolchain/bin/../lib/gcc/avr/5.4.0/../../../../avr/lib/avr51\libc.a(utoa_ncheck.o)
 .bss           0x00000000        0x0 d:/program files (x86)/atmel/studio/7.0/toolchain/avr8/avr8-gnu-toolchain/bin/../lib/gcc/avr/5.4.0/../../../../avr/lib/avr51\libc.a(utoa_ncheck.o)
 .text.avr-libc
                0x00000000       0x34 d:/program files (x86)/atmel/studio/7.0/toolchain/avr8/avr8-gnu-toolchain/bin/../lib/gcc/avr/5.4.0/../../../../avr/lib/avr51\libc.a(utoa_ncheck.o)
 .text          0x00000000        0x0 d:/program files (x86)/atmel/studio/7.0/toolchain/avr8/avr8-gnu-toolchain/bin/../lib/gcc/avr/5.4.0/../../../../avr/lib/avr51\libc.a(strrev.o)
 .data          0x00000000        0x0 d:/program files (x86)/atmel/studio/7.0/toolchain/avr8/avr8-gnu-toolchain/bin/../lib/gcc/avr/5.4.0/../../../../avr/lib/avr51\libc.a(strrev.o)
 .bss           0x00000000        0x0 d:/program files (x86)/atmel/studio/7.0/toolchain/avr8/avr8-gnu-toolchain/bin/../lib/gcc/avr/5.4.0/../../../../avr/lib/avr51\libc.a(strrev.o)
 .text.avr-libc
                0x00000000       0x20 d:/program files (x86)/atmel/studio/7.0/toolchain/avr8/avr8-gnu-toolchain/bin/../lib/gcc/avr/5.4.0/../../../../avr/lib/avr51\libc.a(strrev.o)

Memory Configuration

Name             Origin             Length             Attributes
text             0x00000000         0x00020000         xr
data             0x00800100         0x00004000         rw !x
eeprom           0x00810000         0x00010000         rw !x
fuse             0x00820000         0x00000003         rw !x
lock             0x00830000         0x00000400         rw !x
signature        0x00840000         0x00000400         rw !x
user_signatures  0x00850000         0x00000400         rw !x
*default*        0x00000000         0xffffffff

Linker script and memory map

Address of section .data set to 0x800100
LOAD D:/Program Files (x86)/Atmel/Studio/7.0/Packs/atmel/ATmega_DFP/1.2.150/gcc/dev/atmega1284/avr51/crtatmega1284.o
LOAD ByteQueue.o
LOAD cio.o
LOAD cioopen.o
LOAD cioread.o
LOAD ciostatus.o
LOAD ciowrite.o
LOAD cioxio.o
LOAD createsemaphore.o
LOAD createtask.o
LOAD DoSwap.o
LOAD ExitInterrupt.o
LOAD main.o
LOAD malloc.o
LOAD MeasureStackUsage.o
LOAD MessageQueue.o
LOAD OSinit.o
LOAD pendsemaphore.o
LOAD postsemaphore.o
LOAD pq.o
LOAD rs232.o
LOAD StartOS.o
LOAD swap.o
LOAD timedelay.o
LOAD timerticker.o
LOAD yield.o
START GROUP
LOAD d:/program files (x86)/atmel/studio/7.0/toolchain/avr8/avr8-gnu-toolchain/bin/../lib/gcc/avr/5.4.0/../../../../avr/lib/avr51\libm.a
END GROUP
START GROUP
LOAD d:/program files (x86)/atmel/studio/7.0/toolchain/avr8/avr8-gnu-toolchain/bin/../lib/gcc/avr/5.4.0/avr51\libgcc.a
LOAD d:/program files (x86)/atmel/studio/7.0/toolchain/avr8/avr8-gnu-toolchain/bin/../lib/gcc/avr/5.4.0/../../../../avr/lib/avr51\libm.a
LOAD d:/program files (x86)/atmel/studio/7.0/toolchain/avr8/avr8-gnu-toolchain/bin/../lib/gcc/avr/5.4.0/../../../../avr/lib/avr51\libc.a
LOAD D:/Program Files (x86)/Atmel/Studio/7.0/Packs/atmel/ATmega_DFP/1.2.150/gcc/dev/atmega1284/avr51\libatmega1284.a
END GROUP
                0x00020000                __TEXT_REGION_LENGTH__ = DEFINED (__TEXT_REGION_LENGTH__)?__TEXT_REGION_LENGTH__:0x20000
                0x00004000                __DATA_REGION_LENGTH__ = DEFINED (__DATA_REGION_LENGTH__)?__DATA_REGION_LENGTH__:0x4000
                0x00010000                __EEPROM_REGION_LENGTH__ = DEFINED (__EEPROM_REGION_LENGTH__)?__EEPROM_REGION_LENGTH__:0x10000
                [0x00000003]                __FUSE_REGION_LENGTH__ = DEFINED (__FUSE_REGION_LENGTH__)?__FUSE_REGION_LENGTH__:0x400
                0x00000400                __LOCK_REGION_LENGTH__ = DEFINED (__LOCK_REGION_LENGTH__)?__LOCK_REGION_LENGTH__:0x400
                0x00000400                __SIGNATURE_REGION_LENGTH__ = DEFINED (__SIGNATURE_REGION_LENGTH__)?__SIGNATURE_REGION_LENGTH__:0x400
                0x00000400                __USER_SIGNATURE_REGION_LENGTH__ = DEFINED (__USER_SIGNATURE_REGION_LENGTH__)?__USER_SIGNATURE_REGION_LENGTH__:0x400

.hash
 *(.hash)

.dynsym
 *(.dynsym)

.dynstr
 *(.dynstr)

.gnu.version
 *(.gnu.version)

.gnu.version_d
 *(.gnu.version_d)

.gnu.version_r
 *(.gnu.version_r)

.rel.init
 *(.rel.init)

.rela.init
 *(.rela.init)

.rel.text
 *(.rel.text)
 *(.rel.text.*)
 *(.rel.gnu.linkonce.t*)

.rela.text
 *(.rela.text)
 *(.rela.text.*)
 *(.rela.gnu.linkonce.t*)

.rel.fini
 *(.rel.fini)

.rela.fini
 *(.rela.fini)

.rel.rodata
 *(.rel.rodata)
 *(.rel.rodata.*)
 *(.rel.gnu.linkonce.r*)

.rela.rodata
 *(.rela.rodata)
 *(.rela.rodata.*)
 *(.rela.gnu.linkonce.r*)

.rel.data
 *(.rel.data)
 *(.rel.data.*)
 *(.rel.gnu.linkonce.d*)

.rela.data
 *(.rela.data)
 *(.rela.data.*)
 *(.rela.gnu.linkonce.d*)

.rel.ctors
 *(.rel.ctors)

.rela.ctors
 *(.rela.ctors)

.rel.dtors
 *(.rel.dtors)

.rela.dtors
 *(.rela.dtors)

.rel.got
 *(.rel.got)

.rela.got
 *(.rela.got)

.rel.bss
 *(.rel.bss)

.rela.bss
 *(.rela.bss)

.rel.plt
 *(.rel.plt)

.rela.plt
 *(.rela.plt)

.text           0x00000000     0x22c4
 *(.vectors)
 .vectors       0x00000000       0x8c D:/Program Files (x86)/Atmel/Studio/7.0/Packs/atmel/ATmega_DFP/1.2.150/gcc/dev/atmega1284/avr51/crtatmega1284.o
                0x00000000                __vector_default
                0x00000000                __vectors
 *(.vectors)
 *(.progmem.gcc*)
 .progmem.gcc_sw_table.MergeTask
                0x0000008c       0x12 main.o
                0x0000009e                . = ALIGN (0x2)
                0x0000009e                __trampolines_start = .
 *(.trampolines)
 .trampolines   0x0000009e        0x0 linker stubs
 *(.trampolines*)
                0x0000009e                __trampolines_end = .
 *libprintf_flt.a:*(.progmem.data)
 *libc.a:*(.progmem.data)
 *(.progmem*)
                0x0000009e                . = ALIGN (0x2)
 *(.jumptables)
 *(.jumptables*)
 *(.lowtext)
 *(.lowtext*)
                0x0000009e                __ctors_start = .
 *(.ctors)
                0x0000009e                __ctors_end = .
                0x0000009e                __dtors_start = .
 *(.dtors)
                0x0000009e                __dtors_end = .
 SORT(*)(.ctors)
 SORT(*)(.dtors)
 *(.init0)
 .init0         0x0000009e        0x0 D:/Program Files (x86)/Atmel/Studio/7.0/Packs/atmel/ATmega_DFP/1.2.150/gcc/dev/atmega1284/avr51/crtatmega1284.o
                0x0000009e                __init
 *(.init0)
 *(.init1)
 *(.init1)
 *(.init2)
 .init2         0x0000009e        0xc D:/Program Files (x86)/Atmel/Studio/7.0/Packs/atmel/ATmega_DFP/1.2.150/gcc/dev/atmega1284/avr51/crtatmega1284.o
 *(.init2)
 *(.init3)
 *(.init3)
 *(.init4)
 .init4         0x000000aa       0x1a d:/program files (x86)/atmel/studio/7.0/toolchain/avr8/avr8-gnu-toolchain/bin/../lib/gcc/avr/5.4.0/avr51\libgcc.a(_copy_data.o)
                0x000000aa                __do_copy_data
 .init4         0x000000c4       0x10 d:/program files (x86)/atmel/studio/7.0/toolchain/avr8/avr8-gnu-toolchain/bin/../lib/gcc/avr/5.4.0/avr51\libgcc.a(_clear_bss.o)
                0x000000c4                __do_clear_bss
 *(.init4)
 *(.init5)
 *(.init5)
 *(.init6)
 *(.init6)
 *(.init7)
 *(.init7)
 *(.init8)
 *(.init8)
 *(.init9)
 .init9         0x000000d4        0x6 D:/Program Files (x86)/Atmel/Studio/7.0/Packs/atmel/ATmega_DFP/1.2.150/gcc/dev/atmega1284/avr51/crtatmega1284.o
 *(.init9)
 *(.text)
 .text          0x000000da        0x2 D:/Program Files (x86)/Atmel/Studio/7.0/Packs/atmel/ATmega_DFP/1.2.150/gcc/dev/atmega1284/avr51/crtatmega1284.o
                0x000000da                __vector_22
                0x000000da                __vector_1
                0x000000da                __vector_32
                0x000000da                __vector_34
                0x000000da                __vector_24
                0x000000da                __vector_12
                0x000000da                __bad_interrupt
                0x000000da                __vector_6
                0x000000da                __vector_31
                0x000000da                __vector_3
                0x000000da                __vector_23
                0x000000da                __vector_30
                0x000000da                __vector_25
                0x000000da                __vector_11
                0x000000da                __vector_13
                0x000000da                __vector_17
                0x000000da                __vector_19
                0x000000da                __vector_7
                0x000000da                __vector_27
                0x000000da                __vector_5
                0x000000da                __vector_33
                0x000000da                __vector_4
                0x000000da                __vector_9
                0x000000da                __vector_2
                0x000000da                __vector_15
                0x000000da                __vector_8
                0x000000da                __vector_26
                0x000000da                __vector_14
                0x000000da                __vector_10
                0x000000da                __vector_16
 .text          0x000000dc       0x10 swap.o
                0x000000dc                Disable
                0x000000e4                Enable
                0x000000ec                . = ALIGN (0x2)
 *(.text.*)
 .text.CreateBQ
                0x000000ec       0x1c ByteQueue.o
                0x000000ec                CreateBQ
 .text.BQget    0x00000108       0x46 ByteQueue.o
                0x00000108                BQget
 .text.BQPut    0x0000014e       0x4c ByteQueue.o
                0x0000014e                BQPut
 .text.CioInit  0x0000019a       0x20 cio.o
                0x0000019a                CioInit
 .text.FreeIOCB
                0x000001ba       0x40 cioopen.o
 .text.CioAddHandler
                0x000001fa       0x56 cioopen.o
                0x000001fa                CioAddHandler
 .text.CioOpen  0x00000250      0x196 cioopen.o
                0x00000250                CioOpen
 .text.CioGetC  0x000003e6       0x32 cioread.o
                0x000003e6                CioGetC
 .text.CioPutC  0x00000418       0x32 ciowrite.o
                0x00000418                CioPutC
 .text.CioXIO   0x0000044a       0x22 cioxio.o
                0x0000044a                CioXIO
 .text.CreateSemaphore
                0x0000046c       0x64 createsemaphore.o
                0x0000046c                CreateSemaphore
 .text.NewSemaphore
                0x000004d0       0x60 createsemaphore.o
                0x000004d0                NewSemaphore
 .text.CreateTask
                0x00000530      0x186 createtask.o
                0x00000530                CreateTask
 .text.DoSwap   0x000006b6       0xca DoSwap.o
                0x000006b6                DoSwap
 .text.ExitInterrupt
                0x00000780       0xee ExitInterrupt.o
                0x00000780                ExitInterrupt
 .text.EnterInterrupt
                0x0000086e       0x14 ExitInterrupt.o
                0x0000086e                EnterInterrupt
 .text.IdleTask
                0x00000882       0x14 main.o
                0x00000882                IdleTask
 .text.MergeTask
                0x00000896      0x1da main.o
                0x00000896                MergeTask
 .text.ClassifyMidiByte
                0x00000a70       0x5a main.o
                0x00000a70                ClassifyMidiByte
 .text.MidiCh2Task
                0x00000aca       0xe4 main.o
                0x00000aca                MidiCh2Task
 .text.MidiCh1Task
                0x00000bae       0xe2 main.o
                0x00000bae                MidiCh1Task
 .text.__vector_18
                0x00000c90       0x9c main.o
                0x00000c90                __vector_18
 .text.main     0x00000d2c      0x12e main.o
                0x00000d2c                main
 .text.malloc   0x00000e5a      0x1e0 malloc.o
                0x00000e5a                malloc
 .text.free     0x0000103a      0x120 malloc.o
                0x0000103a                free
 .text.OS_InitMalloc
                0x0000115a       0x42 malloc.o
                0x0000115a                OS_InitMalloc
 .text.MqInit   0x0000119c       0x6e MessageQueue.o
                0x0000119c                MqInit
 .text.MqPut    0x0000120a       0x9a MessageQueue.o
                0x0000120a                MqPut
 .text.MqGet    0x000012a4       0x6a MessageQueue.o
                0x000012a4                MqGet
 .text.NewMSG   0x0000130e       0x3a MessageQueue.o
                0x0000130e                NewMSG
 .text.DeleteMSG
                0x00001348        0x4 MessageQueue.o
                0x00001348                DeleteMSG
 .text.InitMessageQueueManager
                0x0000134c       0x18 MessageQueue.o
                0x0000134c                InitMessageQueueManager
 .text.PriorityCompare
                0x00001364       0x38 OSinit.o
 .text.OSInit   0x0000139c       0x10 OSinit.o
                0x0000139c                OSInit
 .text.PendSemaphore
                0x000013ac       0xd6 pendsemaphore.o
                0x000013ac                PendSemaphore
 .text.PostSemaphore
                0x00001482       0xd8 postsemaphore.o
                0x00001482                PostSemaphore
 .text.InitPQ   0x0000155a       0x2a pq.o
                0x0000155a                InitPQ
 .text.ReheapUp
                0x00001584       0x9e pq.o
                0x00001584                ReheapUp
 .text.Insert   0x00001622       0x44 pq.o
                0x00001622                Insert
 .text.ReheapDown
                0x00001666       0xdc pq.o
                0x00001666                ReheapDown
 .text.Delete   0x00001742       0x56 pq.o
                0x00001742                Delete
 .text.Replace  0x00001798       0x9e pq.o
                0x00001798                Replace
 .text.RStatus  0x00001836       0x34 rs232.o
 .text.RXIO     0x0000186a       0x42 rs232.o
 .text.RInit    0x000018ac       0x12 rs232.o
                0x000018ac                RInit
 .text.RxIsr    0x000018be       0x86 rs232.o
 .text.TxIsr    0x00001944       0xa0 rs232.o
 .text.RPutC    0x000019e4       0xa6 rs232.o
 .text.RWrite   0x00001a8a       0x94 rs232.o
 .text.RGetC    0x00001b1e       0x90 rs232.o
 .text.ROpen    0x00001bae      0x1a0 rs232.o
 .text.__vector_20
                0x00001d4e       0xb0 rs232.o
                0x00001d4e                __vector_20
 .text.__vector_21
                0x00001dfe       0xb0 rs232.o
                0x00001dfe                __vector_21
 .text.__vector_28
                0x00001eae       0xb0 rs232.o
                0x00001eae                __vector_28
 .text.__vector_29
                0x00001f5e       0xb0 rs232.o
                0x00001f5e                __vector_29
 .text.StartOS  0x0000200e       0x7c StartOS.o
                0x0000200e                StartOS
 .text.TimerTicker
                0x0000208a       0xa4 timerticker.o
                0x0000208a                TimerTicker
 .text.Yield    0x0000212e       0x54 yield.o
                0x0000212e                Yield
 .text.libgcc.div
                0x00002182       0x28 d:/program files (x86)/atmel/studio/7.0/toolchain/avr8/avr8-gnu-toolchain/bin/../lib/gcc/avr/5.4.0/avr51\libgcc.a(_divmodsi4.o)
                0x00002182                __divmodsi4
 .text.libgcc.div
                0x000021aa       0x10 d:/program files (x86)/atmel/studio/7.0/toolchain/avr8/avr8-gnu-toolchain/bin/../lib/gcc/avr/5.4.0/avr51\libgcc.a(_negsi2.o)
                0x000021aa                __negsi2
 .text.libgcc   0x000021ba       0x12 d:/program files (x86)/atmel/studio/7.0/toolchain/avr8/avr8-gnu-toolchain/bin/../lib/gcc/avr/5.4.0/avr51\libgcc.a(_tablejump2.o)
                0x000021ba                __tablejump2__
 .text.libgcc.div
                0x000021cc       0x44 d:/program files (x86)/atmel/studio/7.0/toolchain/avr8/avr8-gnu-toolchain/bin/../lib/gcc/avr/5.4.0/avr51\libgcc.a(_udivmodsi4.o)
                0x000021cc                __udivmodsi4
 .text.avr-libc
                0x00002210       0x3a d:/program files (x86)/atmel/studio/7.0/toolchain/avr8/avr8-gnu-toolchain/bin/../lib/gcc/avr/5.4.0/../../../../avr/lib/avr51\libc.a(atoi.o)
                0x00002210                atoi
 .text.avr-libc
                0x0000224a        0xe d:/program files (x86)/atmel/studio/7.0/toolchain/avr8/avr8-gnu-toolchain/bin/../lib/gcc/avr/5.4.0/../../../../avr/lib/avr51\libc.a(strcpy.o)
                0x0000224a                strcpy
 .text.avr-libc
                0x00002258       0x1e d:/program files (x86)/atmel/studio/7.0/toolchain/avr8/avr8-gnu-toolchain/bin/../lib/gcc/avr/5.4.0/../../../../avr/lib/avr51\libc.a(strcspn.o)
                0x00002258                strcspn
 .text.avr-libc
                0x00002276       0x1c d:/program files (x86)/atmel/studio/7.0/toolchain/avr8/avr8-gnu-toolchain/bin/../lib/gcc/avr/5.4.0/../../../../avr/lib/avr51\libc.a(strncmp.o)
                0x00002276                strncmp
 .text.avr-libc
                0x00002292       0x1e d:/program files (x86)/atmel/studio/7.0/toolchain/avr8/avr8-gnu-toolchain/bin/../lib/gcc/avr/5.4.0/../../../../avr/lib/avr51\libc.a(strncpy.o)
                0x00002292                strncpy
 .text.avr-libc
                0x000022b0       0x10 d:/program files (x86)/atmel/studio/7.0/toolchain/avr8/avr8-gnu-toolchain/bin/../lib/gcc/avr/5.4.0/../../../../avr/lib/avr51\libc.a(mul10.o)
                0x000022b0                __mulhi_const_10
                0x000022c0                . = ALIGN (0x2)
 *(.fini9)
 .fini9         0x000022c0        0x0 d:/program files (x86)/atmel/studio/7.0/toolchain/avr8/avr8-gnu-toolchain/bin/../lib/gcc/avr/5.4.0/avr51\libgcc.a(_exit.o)
                0x000022c0                _exit
                0x000022c0                exit
 *(.fini9)
 *(.fini8)
 *(.fini8)
 *(.fini7)
 *(.fini7)
 *(.fini6)
 *(.fini6)
 *(.fini5)
 *(.fini5)
 *(.fini4)
 *(.fini4)
 *(.fini3)
 *(.fini3)
 *(.fini2)
 *(.fini2)
 *(.fini1)
 *(.fini1)
 *(.fini0)
 .fini0         0x000022c0        0x4 d:/program files (x86)/atmel/studio/7.0/toolchain/avr8/avr8-gnu-toolchain/bin/../lib/gcc/avr/5.4.0/avr51\libgcc.a(_exit.o)
 *(.fini0)
                0x000022c4                _etext = .

.data           0x00800100       0x9c load address 0x000022c4
                0x00800100                PROVIDE (__data_start, .)
 *(.data)
 *(.data*)
 .data.__malloc_heap_end
                0x00800100        0x2 malloc.o
                0x00800100                __malloc_heap_end
 .data.__malloc_heap_start
                0x00800102        0x2 malloc.o
                0x00800102                __malloc_heap_start
 .data.__malloc_margin
                0x00800104        0x2 malloc.o
                0x00800104                __malloc_margin
 .data.SAdr     0x00800106       0x14 rs232.o
 .data.RJump    0x0080011a       0x12 rs232.o
 *(.gnu.linkonce.d*)
 *(.rodata)
 *(.rodata*)
 .rodata.str1.1
                0x0080012c        0xc cio.o
 .rodata.str1.1
                0x00800138        0xc cioopen.o
                                  0xe (size before relaxing)
 .rodata.str1.1
                0x00800144       0x28 main.o
 .rodata.str1.1
                0x0080016c        0x7 malloc.o
 .rodata.str1.1
                0x00800173        0xc MessageQueue.o
 .rodata.str1.1
                0x0080017f       0x14 rs232.o
 .rodata.TNames
                0x00800193        0x4 rs232.o
 .rodata.PNames
                0x00800197        0x4 rs232.o
 *(.gnu.linkonce.r*)
                0x0080019c                . = ALIGN (0x2)
 *fill*         0x0080019b        0x1 
                0x0080019c                _edata = .
                0x0080019c                PROVIDE (__data_end, .)

.bss            0x0080019c      0x106
                0x0080019c                PROVIDE (__bss_start, .)
 *(.bss)
 *(.bss*)
 .bss.last_dev  0x0080019c        0x2 cioopen.o
                0x0080019c                last_dev
 .bss.ECBPool   0x0080019e        0x2 createsemaphore.o
 .bss.MsgAllocCount
                0x008001a0        0x2 MessageQueue.o
                0x008001a0                MsgAllocCount
 .bss.MqBlocker
                0x008001a2        0x2 MessageQueue.o
 .bss.gSerial   0x008001a4        0x4 rs232.o
 .bss.RSerrors  0x008001a8        0x2 rs232.o
 *(COMMON)
 COMMON         0x008001aa       0x54 cioopen.o
                0x008001aa                PoolList
                0x008001ac                htabs
                0x008001fc                IOCBBlocker
 COMMON         0x008001fe        0x2 createsemaphore.o
                0x008001fe                TimeoutList
 COMMON         0x00800200       0x10 createtask.o
                0x00800200                ActiveTasks
                0x0080020a                NextTask
                0x0080020c                OsRunning
                0x0080020e                CurrentTask
 COMMON         0x00800210        0x4 ExitInterrupt.o
                0x00800210                Blocking
                0x00800212                InterruptCount
 COMMON         0x00800214       0x68 main.o
                0x00800214                TMergTask
                0x0080022c                pMidi1
                0x0080022e                TMidiCh1Task
                0x00800246                TIdleTask
                0x0080025e                pMidi2
                0x00800260                TMidiCh2Task
                0x00800278                pMergeMQ
                0x0080027a                IdleCount
 COMMON         0x0080027c       0x24 malloc.o
                0x0080027c                __brkval
                0x0080027e                MallocBlocker
                0x0080029e                __flp
 COMMON         0x008002a0        0x2 timerticker.o
                0x008002a0                TStamp
                0x008002a2                PROVIDE (__bss_end, .)
                0x000022c4                __data_load_start = LOADADDR (.data)
                0x00002360                __data_load_end = (__data_load_start + SIZEOF (.data))

.noinit         0x008002a2        0x0
                [!provide]                PROVIDE (__noinit_start, .)
 *(.noinit*)
                [!provide]                PROVIDE (__noinit_end, .)
                0x008002a2                _end = .
                0x008002a2                PROVIDE (__heap_start, .)
                0x008040ff                PROVIDE (__end_of_heap, (((((. - SIZEOF (.data)) - SIZEOF (.bss)) - SIZEOF (.noinit)) + LENGTH (data)) - 0x1))

.eeprom         0x00810000        0x0
 *(.eeprom*)
                0x00810000                __eeprom_end = .

.fuse
 *(.fuse)
 *(.lfuse)
 *(.hfuse)
 *(.efuse)

.lock
 *(.lock*)

.signature
 *(.signature*)

.user_signatures
 *(.user_signatures*)

.stab
 *(.stab)

.stabstr
 *(.stabstr)

.stab.excl
 *(.stab.excl)

.stab.exclstr
 *(.stab.exclstr)

.stab.index
 *(.stab.index)

.stab.indexstr
 *(.stab.indexstr)

.comment        0x00000000       0x30
 *(.comment)
 .comment       0x00000000       0x30 ByteQueue.o
                                 0x31 (size before relaxing)
 .comment       0x00000030       0x31 cio.o
 .comment       0x00000030       0x31 cioopen.o
 .comment       0x00000030       0x31 cioread.o
 .comment       0x00000030       0x31 ciowrite.o
 .comment       0x00000030       0x31 cioxio.o
 .comment       0x00000030       0x31 createsemaphore.o
 .comment       0x00000030       0x31 createtask.o
 .comment       0x00000030       0x31 DoSwap.o
 .comment       0x00000030       0x31 ExitInterrupt.o
 .comment       0x00000030       0x31 main.o
 .comment       0x00000030       0x31 malloc.o
 .comment       0x00000030       0x31 MessageQueue.o
 .comment       0x00000030       0x31 OSinit.o
 .comment       0x00000030       0x31 pendsemaphore.o
 .comment       0x00000030       0x31 postsemaphore.o
 .comment       0x00000030       0x31 pq.o
 .comment       0x00000030       0x31 rs232.o
 .comment       0x00000030       0x31 StartOS.o
 .comment       0x00000030       0x31 timerticker.o
 .comment       0x00000030       0x31 yield.o

.note.gnu.avr.deviceinfo
                0x00000000       0x40
 .note.gnu.avr.deviceinfo
                0x00000000       0x40 D:/Program Files (x86)/Atmel/Studio/7.0/Packs/atmel/ATmega_DFP/1.2.150/gcc/dev/atmega1284/avr51/crtatmega1284.o

.note.gnu.build-id
 *(.note.gnu.build-id)

.debug
 *(.debug)

.line
 *(.line)

.debug_srcinfo
 *(.debug_srcinfo)

.debug_sfnames
 *(.debug_sfnames)

.debug_aranges  0x00000000      0x438
 *(.debug_aranges)
 .debug_aranges
                0x00000000       0x30 ByteQueue.o
 .debug_aranges
                0x00000030       0x20 cio.o
 .debug_aranges
                0x00000050       0x38 cioopen.o
 .debug_aranges
                0x00000088       0x28 cioread.o
 .debug_aranges
                0x000000b0       0x28 ciowrite.o
 .debug_aranges
                0x000000d8       0x20 cioxio.o
 .debug_aranges
                0x000000f8       0x30 createsemaphore.o
 .debug_aranges
                0x00000128       0x20 createtask.o
 .debug_aranges
                0x00000148       0x20 DoSwap.o
 .debug_aranges
                0x00000168       0x28 ExitInterrupt.o
 .debug_aranges
                0x00000190       0x50 main.o
 .debug_aranges
                0x000001e0       0x38 malloc.o
 .debug_aranges
                0x00000218       0x48 MessageQueue.o
 .debug_aranges
                0x00000260       0x28 OSinit.o
 .debug_aranges
                0x00000288       0x20 pendsemaphore.o
 .debug_aranges
                0x000002a8       0x28 postsemaphore.o
 .debug_aranges
                0x000002d0       0x68 pq.o
 .debug_aranges
                0x00000338       0x80 rs232.o
 .debug_aranges
                0x000003b8       0x20 StartOS.o
 .debug_aranges
                0x000003d8       0x20 swap.o
 .debug_aranges
                0x000003f8       0x20 timerticker.o
 .debug_aranges
                0x00000418       0x20 yield.o

.debug_pubnames
 *(.debug_pubnames)

.debug_info     0x00000000     0x671e
 *(.debug_info .gnu.linkonce.wi.*)
 .debug_info    0x00000000      0x792 D:/Program Files (x86)/Atmel/Studio/7.0/Packs/atmel/ATmega_DFP/1.2.150/gcc/dev/atmega1284/avr51/crtatmega1284.o
 .debug_info    0x00000792      0x28c ByteQueue.o
 .debug_info    0x00000a1e      0x246 cio.o
 .debug_info    0x00000c64      0x82c cioopen.o
 .debug_info    0x00001490      0x35d cioread.o
 .debug_info    0x000017ed      0x342 ciowrite.o
 .debug_info    0x00001b2f      0x2ed cioxio.o
 .debug_info    0x00001e1c      0x542 createsemaphore.o
 .debug_info    0x0000235e      0x357 createtask.o
 .debug_info    0x000026b5      0x172 DoSwap.o
 .debug_info    0x00002827      0x23b ExitInterrupt.o
 .debug_info    0x00002a62      0xe18 main.o
 .debug_info    0x0000387a      0x5ee malloc.o
 .debug_info    0x00003e68      0x61b MessageQueue.o
 .debug_info    0x00004483      0x233 OSinit.o
 .debug_info    0x000046b6      0x35b pendsemaphore.o
 .debug_info    0x00004a11      0x433 postsemaphore.o
 .debug_info    0x00004e44      0x555 pq.o
 .debug_info    0x00005399      0xbfd rs232.o
 .debug_info    0x00005f96      0x1ef StartOS.o
 .debug_info    0x00006185       0x6a swap.o
 .debug_info    0x000061ef      0x2ca timerticker.o
 .debug_info    0x000064b9      0x265 yield.o

.debug_abbrev   0x00000000     0x2445
 *(.debug_abbrev)
 .debug_abbrev  0x00000000      0x729 D:/Program Files (x86)/Atmel/Studio/7.0/Packs/atmel/ATmega_DFP/1.2.150/gcc/dev/atmega1284/avr51/crtatmega1284.o
 .debug_abbrev  0x00000729      0x117 ByteQueue.o
 .debug_abbrev  0x00000840       0xc6 cio.o
 .debug_abbrev  0x00000906      0x22a cioopen.o
 .debug_abbrev  0x00000b30      0x104 cioread.o
 .debug_abbrev  0x00000c34      0x104 ciowrite.o
 .debug_abbrev  0x00000d38      0x104 cioxio.o
 .debug_abbrev  0x00000e3c      0x1eb createsemaphore.o
 .debug_abbrev  0x00001027      0x174 createtask.o
 .debug_abbrev  0x0000119b       0x89 DoSwap.o
 .debug_abbrev  0x00001224       0xf1 ExitInterrupt.o
 .debug_abbrev  0x00001315      0x290 main.o
 .debug_abbrev  0x000015a5      0x1c8 malloc.o
 .debug_abbrev  0x0000176d      0x1bb MessageQueue.o
 .debug_abbrev  0x00001928      0x114 OSinit.o
 .debug_abbrev  0x00001a3c      0x13c pendsemaphore.o
 .debug_abbrev  0x00001b78      0x12d postsemaphore.o
 .debug_abbrev  0x00001ca5      0x1ee pq.o
 .debug_abbrev  0x00001e93      0x2da rs232.o
 .debug_abbrev  0x0000216d       0xc1 StartOS.o
 .debug_abbrev  0x0000222e       0x14 swap.o
 .debug_abbrev  0x00002242      0x115 timerticker.o
 .debug_abbrev  0x00002357       0xee yield.o

.debug_line     0x00000000     0x2304
 *(.debug_line .debug_line.* .debug_line_end)
 .debug_line    0x00000000      0x169 D:/Program Files (x86)/Atmel/Studio/7.0/Packs/atmel/ATmega_DFP/1.2.150/gcc/dev/atmega1284/avr51/crtatmega1284.o
 .debug_line    0x00000169       0xf6 ByteQueue.o
 .debug_line    0x0000025f       0x57 cio.o
 .debug_line    0x000002b6      0x1fd cioopen.o
 .debug_line    0x000004b3       0x86 cioread.o
 .debug_line    0x00000539       0x86 ciowrite.o
 .debug_line    0x000005bf       0x50 cioxio.o
 .debug_line    0x0000060f      0x203 createsemaphore.o
 .debug_line    0x00000812      0x261 createtask.o
 .debug_line    0x00000a73       0x57 DoSwap.o
 .debug_line    0x00000aca       0xad ExitInterrupt.o
 .debug_line    0x00000b77      0x569 main.o
 .debug_line    0x000010e0      0x3c6 malloc.o
 .debug_line    0x000014a6      0x21b MessageQueue.o
 .debug_line    0x000016c1       0x75 OSinit.o
 .debug_line    0x00001736       0xd2 pendsemaphore.o
 .debug_line    0x00001808      0x195 postsemaphore.o
 .debug_line    0x0000199d      0x2af pq.o
 .debug_line    0x00001c4c      0x4c3 rs232.o
 .debug_line    0x0000210f       0x60 StartOS.o
 .debug_line    0x0000216f       0x63 swap.o
 .debug_line    0x000021d2       0xb6 timerticker.o
 .debug_line    0x00002288       0x7c yield.o

.debug_frame    0x00000000      0x9c4
 *(.debug_frame)
 .debug_frame   0x00000000       0x44 ByteQueue.o
 .debug_frame   0x00000044       0x24 cio.o
 .debug_frame   0x00000068       0xc4 cioopen.o
 .debug_frame   0x0000012c       0x34 cioread.o
 .debug_frame   0x00000160       0x34 ciowrite.o
 .debug_frame   0x00000194       0x24 cioxio.o
 .debug_frame   0x000001b8       0x94 createsemaphore.o
 .debug_frame   0x0000024c       0x6c createtask.o
 .debug_frame   0x000002b8       0x24 DoSwap.o
 .debug_frame   0x000002dc       0x34 ExitInterrupt.o
 .debug_frame   0x00000310       0xa4 main.o
 .debug_frame   0x000003b4       0x9c malloc.o
 .debug_frame   0x00000450       0xd0 MessageQueue.o
 .debug_frame   0x00000520       0x40 OSinit.o
 .debug_frame   0x00000560       0x40 pendsemaphore.o
 .debug_frame   0x000005a0       0x74 postsemaphore.o
 .debug_frame   0x00000614      0x178 pq.o
 .debug_frame   0x0000078c      0x1a4 rs232.o
 .debug_frame   0x00000930       0x24 StartOS.o
 .debug_frame   0x00000954       0x44 timerticker.o
 .debug_frame   0x00000998       0x2c yield.o

.debug_str      0x00000000      0xcac
 *(.debug_str)
 .debug_str     0x00000000      0x296 D:/Program Files (x86)/Atmel/Studio/7.0/Packs/atmel/ATmega_DFP/1.2.150/gcc/dev/atmega1284/avr51/crtatmega1284.o
 .debug_str     0x00000296      0x1ba ByteQueue.o
                                0x20c (size before relaxing)
 .debug_str     0x00000450       0x61 cio.o
                                0x221 (size before relaxing)
 .debug_str     0x000004b1      0x120 cioopen.o
                                0x332 (size before relaxing)
 .debug_str     0x000005d1       0x1f cioread.o
                                0x1fe (size before relaxing)
 .debug_str     0x000005f0       0x21 ciowrite.o
                                0x200 (size before relaxing)
 .debug_str     0x00000611       0x15 cioxio.o
                                0x1f4 (size before relaxing)
 .debug_str     0x00000626       0xae createsemaphore.o
                                0x2c2 (size before relaxing)
 .debug_str     0x000006d4       0x53 createtask.o
                                0x25c (size before relaxing)
 .debug_str     0x00000727       0x15 DoSwap.o
                                0x1e3 (size before relaxing)
 .debug_str     0x0000073c       0x59 ExitInterrupt.o
                                0x207 (size before relaxing)
 .debug_str     0x00000795      0x1af main.o
                                0x4b0 (size before relaxing)
 .debug_str     0x00000944       0xb6 malloc.o
                                0x2f6 (size before relaxing)
 .debug_str     0x000009fa       0x38 MessageQueue.o
                                0x33c (size before relaxing)
 .debug_str     0x00000a32       0x25 OSinit.o
                                0x1c5 (size before relaxing)
 .debug_str     0x00000a57       0x24 pendsemaphore.o
                                0x291 (size before relaxing)
 .debug_str     0x00000a7b       0x3c postsemaphore.o
                                0x295 (size before relaxing)
 .debug_str     0x00000ab7       0x8b pq.o
                                0x245 (size before relaxing)
 .debug_str     0x00000b42      0x13b rs232.o
                                0x42f (size before relaxing)
 .debug_str     0x00000c7d        0xf StartOS.o
                                0x1cc (size before relaxing)
 .debug_str     0x00000c8c       0x13 timerticker.o
                                0x20a (size before relaxing)
 .debug_str     0x00000c9f        0xd yield.o
                                0x1f5 (size before relaxing)

.debug_loc      0x00000000     0x380a
 *(.debug_loc)
 .debug_loc     0x00000000       0x98 ByteQueue.o
 .debug_loc     0x00000098      0x457 cioopen.o
 .debug_loc     0x000004ef      0x164 cioread.o
 .debug_loc     0x00000653      0x12e ciowrite.o
 .debug_loc     0x00000781       0x72 cioxio.o
 .debug_loc     0x000007f3      0x339 createsemaphore.o
 .debug_loc     0x00000b2c      0x410 createtask.o
 .debug_loc     0x00000f3c      0x773 main.o
 .debug_loc     0x000016af      0x71c malloc.o
 .debug_loc     0x00001dcb      0x3f8 MessageQueue.o
 .debug_loc     0x000021c3       0x93 OSinit.o
 .debug_loc     0x00002256       0xf9 pendsemaphore.o
 .debug_loc     0x0000234f      0x2ca postsemaphore.o
 .debug_loc     0x00002619      0x8fd pq.o
 .debug_loc     0x00002f16      0x7e9 rs232.o
 .debug_loc     0x000036ff       0xcb timerticker.o
 .debug_loc     0x000037ca       0x40 yield.o

.debug_macinfo
 *(.debug_macinfo)

.debug_weaknames
 *(.debug_weaknames)

.debug_funcnames
 *(.debug_funcnames)

.debug_typenames
 *(.debug_typenames)

.debug_varnames
 *(.debug_varnames)

.debug_pubtypes
 *(.debug_pubtypes)

.debug_ranges   0x00000000      0x2c8
 *(.debug_ranges)
 .debug_ranges  0x00000000       0x20 ByteQueue.o
 .debug_ranges  0x00000020       0x10 cio.o
 .debug_ranges  0x00000030       0x28 cioopen.o
 .debug_ranges  0x00000058       0x18 cioread.o
 .debug_ranges  0x00000070       0x18 ciowrite.o
 .debug_ranges  0x00000088       0x10 cioxio.o
 .debug_ranges  0x00000098       0x20 createsemaphore.o
 .debug_ranges  0x000000b8       0x10 createtask.o
 .debug_ranges  0x000000c8       0x10 DoSwap.o
 .debug_ranges  0x000000d8       0x18 ExitInterrupt.o
 .debug_ranges  0x000000f0       0x40 main.o
 .debug_ranges  0x00000130       0x28 malloc.o
 .debug_ranges  0x00000158       0x38 MessageQueue.o
 .debug_ranges  0x00000190       0x18 OSinit.o
 .debug_ranges  0x000001a8       0x10 pendsemaphore.o
 .debug_ranges  0x000001b8       0x18 postsemaphore.o
 .debug_ranges  0x000001d0       0x58 pq.o
 .debug_ranges  0x00000228       0x70 rs232.o
 .debug_ranges  0x00000298       0x10 StartOS.o
 .debug_ranges  0x000002a8       0x10 timerticker.o
 .debug_ranges  0x000002b8       0x10 yield.o

.debug_macro
 *(.debug_macro)
OUTPUT(500-1093_MidiMerger.elf elf32-avr)
LOAD linker stubs
